============================= test session starts =============================
platform win32 -- Python 3.7.9, pytest-7.1.2, pluggy-1.0.0
rootdir: D:\work\python_projects\testing_python
collected 5 items

testing_with_pytest\test_with_pytest.py .F...                            [100%]

================================== FAILURES ===================================
______________________________ test_always_fails ______________________________

    def test_always_fails():
>       assert False
E       assert False

testing_with_pytest\test_with_pytest.py:7: AssertionError
=========================== short test summary info ===========================
FAILED testing_with_pytest/test_with_pytest.py::test_always_fails - assert False
========================= 1 failed, 4 passed in 0.11s =========================
